warn: Microsoft.EntityFrameworkCore.Model[10628]
      The property 'ApplicationUser.ConcurrencyStamp' was first mapped explicitly and then ignored. Consider not mapping the property in the first place.
warn: Microsoft.EntityFrameworkCore.Model[10628]
      The property 'ApplicationUser.NormalizedUserName' was first mapped explicitly and then ignored. Consider not mapping the property in the first place.
warn: Microsoft.EntityFrameworkCore.Model[10628]
      The property 'ApplicationUser.NormalizedEmail' was first mapped explicitly and then ignored. Consider not mapping the property in the first place.
warn: Microsoft.EntityFrameworkCore.Model[10628]
      The property 'ApplicationUser.PhoneNumber' was first mapped explicitly and then ignored. Consider not mapping the property in the first place.
warn: Microsoft.EntityFrameworkCore.Model[10628]
      The property 'IdentityRole.ConcurrencyStamp' was first mapped explicitly and then ignored. Consider not mapping the property in the first place.
warn: Microsoft.EntityFrameworkCore.Model[10628]
      The property 'IdentityRole.NormalizedName' was first mapped explicitly and then ignored. Consider not mapping the property in the first place.
info: Microsoft.EntityFrameworkCore.Database.Command[20101]
      Executed DbCommand (131ms) [Parameters=[], CommandType='Text', CommandTimeout='30']
      SELECT 1
info: Microsoft.EntityFrameworkCore.Database.Command[20101]
      Executed DbCommand (143ms) [Parameters=[], CommandType='Text', CommandTimeout='30']
      SELECT CASE WHEN COUNT(*) = 0 THEN FALSE ELSE TRUE END
FROM pg_class AS cls
JOIN pg_namespace AS ns ON ns.oid = cls.relnamespace
WHERE
        cls.relkind IN ('r', 'v', 'm', 'f', 'p') AND
        ns.nspname NOT IN ('pg_catalog', 'information_schema') AND
        -- Exclude tables which are members of PG extensions
        NOT EXISTS (
            SELECT 1 FROM pg_depend WHERE
                classid=(
                    SELECT cls.oid
                    FROM pg_class AS cls
                             JOIN pg_namespace AS ns ON ns.oid = cls.relnamespace
                    WHERE relname='pg_class' AND ns.nspname='pg_catalog'
                ) AND
                objid=cls.oid AND
                deptype IN ('e', 'x')
        )
info: Microsoft.EntityFrameworkCore.Database.Command[20101]
      Executed DbCommand (127ms) [Parameters=[], CommandType='Text', CommandTimeout='30']
      SELECT u."Id", u."AccountStatus", u."CreatedAtUtc", u."DepartmentName", u."Email", u."FirstName", u."FullName", u."LastLoginAtUtc", u."LastName", u."PasswordHash", u."Role", u."UserName"
      FROM users AS u
info: Microsoft.EntityFrameworkCore.Database.Command[20101]
      Executed DbCommand (122ms) [Parameters=[], CommandType='Text', CommandTimeout='30']
      SELECT u."Id", u."AccountStatus", u."CreatedAtUtc", u."DepartmentName", u."Email", u."FirstName", u."FullName", u."LastLoginAtUtc", u."LastName", u."PasswordHash", u."Role", u."UserName"
      FROM users AS u
info: Microsoft.EntityFrameworkCore.Database.Command[20101]
      Executed DbCommand (112ms) [Parameters=[@lowerName='?'], CommandType='Text', CommandTimeout='30']
      SELECT u."Id", u."AccountStatus", u."CreatedAtUtc", u."DepartmentName", u."Email", u."FirstName", u."FullName", u."LastLoginAtUtc", u."LastName", u."PasswordHash", u."Role", u."UserName"
      FROM users AS u
      WHERE lower(u."UserName") = @lowerName
      LIMIT 1
info: Microsoft.EntityFrameworkCore.Database.Command[20101]
      Executed DbCommand (106ms) [Parameters=[@p11='?' (DbType = Int64), @p0='?', @p1='?' (DbType = Date), @p2='?', @p3='?', @p4='?', @p5='?', @p6='?' (DbType = Date), @p7='?', @p8='?', @p9='?', @p10='?'], CommandType='Text', CommandTimeout='30']
      UPDATE users SET "AccountStatus" = @p0, "CreatedAtUtc" = @p1, "DepartmentName" = @p2, "Email" = @p3, "FirstName" = @p4, "FullName" = @p5, "LastLoginAtUtc" = @p6, "LastName" = @p7, "PasswordHash" = @p8, "Role" = @p9, "UserName" = @p10
      WHERE "Id" = @p11;
info: Microsoft.EntityFrameworkCore.Database.Command[20101]
      Executed DbCommand (105ms) [Parameters=[@lowerName='?'], CommandType='Text', CommandTimeout='30']
      SELECT u."Id", u."AccountStatus", u."CreatedAtUtc", u."DepartmentName", u."Email", u."FirstName", u."FullName", u."LastLoginAtUtc", u."LastName", u."PasswordHash", u."Role", u."UserName"
      FROM users AS u
      WHERE lower(u."UserName") = @lowerName
      LIMIT 1
info: Microsoft.EntityFrameworkCore.Database.Command[20101]
      Executed DbCommand (105ms) [Parameters=[@p11='?' (DbType = Int64), @p0='?', @p1='?' (DbType = Date), @p2='?', @p3='?', @p4='?', @p5='?', @p6='?' (DbType = Date), @p7='?', @p8='?', @p9='?', @p10='?'], CommandType='Text', CommandTimeout='30']
      UPDATE users SET "AccountStatus" = @p0, "CreatedAtUtc" = @p1, "DepartmentName" = @p2, "Email" = @p3, "FirstName" = @p4, "FullName" = @p5, "LastLoginAtUtc" = @p6, "LastName" = @p7, "PasswordHash" = @p8, "Role" = @p9, "UserName" = @p10
      WHERE "Id" = @p11;
info: Microsoft.EntityFrameworkCore.Database.Command[20101]
      Executed DbCommand (107ms) [Parameters=[@lowerName='?'], CommandType='Text', CommandTimeout='30']
      SELECT u."Id", u."AccountStatus", u."CreatedAtUtc", u."DepartmentName", u."Email", u."FirstName", u."FullName", u."LastLoginAtUtc", u."LastName", u."PasswordHash", u."Role", u."UserName"
      FROM users AS u
      WHERE lower(u."UserName") = @lowerName
      LIMIT 1
info: Microsoft.EntityFrameworkCore.Database.Command[20101]
      Executed DbCommand (105ms) [Parameters=[@p11='?' (DbType = Int64), @p0='?', @p1='?' (DbType = Date), @p2='?', @p3='?', @p4='?', @p5='?', @p6='?' (DbType = Date), @p7='?', @p8='?', @p9='?', @p10='?'], CommandType='Text', CommandTimeout='30']
      UPDATE users SET "AccountStatus" = @p0, "CreatedAtUtc" = @p1, "DepartmentName" = @p2, "Email" = @p3, "FirstName" = @p4, "FullName" = @p5, "LastLoginAtUtc" = @p6, "LastName" = @p7, "PasswordHash" = @p8, "Role" = @p9, "UserName" = @p10
      WHERE "Id" = @p11;
info: Microsoft.EntityFrameworkCore.Database.Command[20101]
      Executed DbCommand (105ms) [Parameters=[@lowerName='?'], CommandType='Text', CommandTimeout='30']
      SELECT u."Id", u."AccountStatus", u."CreatedAtUtc", u."DepartmentName", u."Email", u."FirstName", u."FullName", u."LastLoginAtUtc", u."LastName", u."PasswordHash", u."Role", u."UserName"
      FROM users AS u
      WHERE lower(u."UserName") = @lowerName
      LIMIT 1
info: Microsoft.EntityFrameworkCore.Database.Command[20101]
      Executed DbCommand (105ms) [Parameters=[@p11='?' (DbType = Int64), @p0='?', @p1='?' (DbType = Date), @p2='?', @p3='?', @p4='?', @p5='?', @p6='?' (DbType = Date), @p7='?', @p8='?', @p9='?', @p10='?'], CommandType='Text', CommandTimeout='30']
      UPDATE users SET "AccountStatus" = @p0, "CreatedAtUtc" = @p1, "DepartmentName" = @p2, "Email" = @p3, "FirstName" = @p4, "FullName" = @p5, "LastLoginAtUtc" = @p6, "LastName" = @p7, "PasswordHash" = @p8, "Role" = @p9, "UserName" = @p10
      WHERE "Id" = @p11;
info: Microsoft.EntityFrameworkCore.Database.Command[20101]
      Executed DbCommand (106ms) [Parameters=[@lowerName='?'], CommandType='Text', CommandTimeout='30']
      SELECT u."Id", u."AccountStatus", u."CreatedAtUtc", u."DepartmentName", u."Email", u."FirstName", u."FullName", u."LastLoginAtUtc", u."LastName", u."PasswordHash", u."Role", u."UserName"
      FROM users AS u
      WHERE lower(u."UserName") = @lowerName
      LIMIT 1
info: Microsoft.EntityFrameworkCore.Database.Command[20101]
      Executed DbCommand (103ms) [Parameters=[@p11='?' (DbType = Int64), @p0='?', @p1='?' (DbType = Date), @p2='?', @p3='?', @p4='?', @p5='?', @p6='?' (DbType = Date), @p7='?', @p8='?', @p9='?', @p10='?'], CommandType='Text', CommandTimeout='30']
      UPDATE users SET "AccountStatus" = @p0, "CreatedAtUtc" = @p1, "DepartmentName" = @p2, "Email" = @p3, "FirstName" = @p4, "FullName" = @p5, "LastLoginAtUtc" = @p6, "LastName" = @p7, "PasswordHash" = @p8, "Role" = @p9, "UserName" = @p10
      WHERE "Id" = @p11;
info: Microsoft.EntityFrameworkCore.Database.Command[20101]
      Executed DbCommand (107ms) [Parameters=[@lowerName='?'], CommandType='Text', CommandTimeout='30']
      SELECT u."Id", u."AccountStatus", u."CreatedAtUtc", u."DepartmentName", u."Email", u."FirstName", u."FullName", u."LastLoginAtUtc", u."LastName", u."PasswordHash", u."Role", u."UserName"
      FROM users AS u
      WHERE lower(u."UserName") = @lowerName
      LIMIT 1
info: Microsoft.EntityFrameworkCore.Database.Command[20101]
      Executed DbCommand (104ms) [Parameters=[@p11='?' (DbType = Int64), @p0='?', @p1='?' (DbType = Date), @p2='?', @p3='?', @p4='?', @p5='?', @p6='?' (DbType = Date), @p7='?', @p8='?', @p9='?', @p10='?'], CommandType='Text', CommandTimeout='30']
      UPDATE users SET "AccountStatus" = @p0, "CreatedAtUtc" = @p1, "DepartmentName" = @p2, "Email" = @p3, "FirstName" = @p4, "FullName" = @p5, "LastLoginAtUtc" = @p6, "LastName" = @p7, "PasswordHash" = @p8, "Role" = @p9, "UserName" = @p10
      WHERE "Id" = @p11;
info: Microsoft.EntityFrameworkCore.Database.Command[20101]
      Executed DbCommand (106ms) [Parameters=[@lowerName='?'], CommandType='Text', CommandTimeout='30']
      SELECT u."Id", u."AccountStatus", u."CreatedAtUtc", u."DepartmentName", u."Email", u."FirstName", u."FullName", u."LastLoginAtUtc", u."LastName", u."PasswordHash", u."Role", u."UserName"
      FROM users AS u
      WHERE lower(u."UserName") = @lowerName
      LIMIT 1
info: Microsoft.EntityFrameworkCore.Database.Command[20101]
      Executed DbCommand (104ms) [Parameters=[@p11='?' (DbType = Int64), @p0='?', @p1='?' (DbType = Date), @p2='?', @p3='?', @p4='?', @p5='?', @p6='?' (DbType = Date), @p7='?', @p8='?', @p9='?', @p10='?'], CommandType='Text', CommandTimeout='30']
      UPDATE users SET "AccountStatus" = @p0, "CreatedAtUtc" = @p1, "DepartmentName" = @p2, "Email" = @p3, "FirstName" = @p4, "FullName" = @p5, "LastLoginAtUtc" = @p6, "LastName" = @p7, "PasswordHash" = @p8, "Role" = @p9, "UserName" = @p10
      WHERE "Id" = @p11;
info: Microsoft.EntityFrameworkCore.Database.Command[20101]
      Executed DbCommand (104ms) [Parameters=[@lowerName='?'], CommandType='Text', CommandTimeout='30']
      SELECT u."Id", u."AccountStatus", u."CreatedAtUtc", u."DepartmentName", u."Email", u."FirstName", u."FullName", u."LastLoginAtUtc", u."LastName", u."PasswordHash", u."Role", u."UserName"
      FROM users AS u
      WHERE lower(u."UserName") = @lowerName
      LIMIT 1
info: Microsoft.EntityFrameworkCore.Database.Command[20101]
      Executed DbCommand (108ms) [Parameters=[@p11='?' (DbType = Int64), @p0='?', @p1='?' (DbType = Date), @p2='?', @p3='?', @p4='?', @p5='?', @p6='?' (DbType = Date), @p7='?', @p8='?', @p9='?', @p10='?'], CommandType='Text', CommandTimeout='30']
      UPDATE users SET "AccountStatus" = @p0, "CreatedAtUtc" = @p1, "DepartmentName" = @p2, "Email" = @p3, "FirstName" = @p4, "FullName" = @p5, "LastLoginAtUtc" = @p6, "LastName" = @p7, "PasswordHash" = @p8, "Role" = @p9, "UserName" = @p10
      WHERE "Id" = @p11;
info: Microsoft.EntityFrameworkCore.Database.Command[20101]
      Executed DbCommand (106ms) [Parameters=[@lowerName='?'], CommandType='Text', CommandTimeout='30']
      SELECT u."Id", u."AccountStatus", u."CreatedAtUtc", u."DepartmentName", u."Email", u."FirstName", u."FullName", u."LastLoginAtUtc", u."LastName", u."PasswordHash", u."Role", u."UserName"
      FROM users AS u
      WHERE lower(u."UserName") = @lowerName
      LIMIT 1
info: Microsoft.EntityFrameworkCore.Database.Command[20101]
      Executed DbCommand (104ms) [Parameters=[@p11='?' (DbType = Int64), @p0='?', @p1='?' (DbType = Date), @p2='?', @p3='?', @p4='?', @p5='?', @p6='?' (DbType = Date), @p7='?', @p8='?', @p9='?', @p10='?'], CommandType='Text', CommandTimeout='30']
      UPDATE users SET "AccountStatus" = @p0, "CreatedAtUtc" = @p1, "DepartmentName" = @p2, "Email" = @p3, "FirstName" = @p4, "FullName" = @p5, "LastLoginAtUtc" = @p6, "LastName" = @p7, "PasswordHash" = @p8, "Role" = @p9, "UserName" = @p10
      WHERE "Id" = @p11;
info: Microsoft.EntityFrameworkCore.Database.Command[20101]
      Executed DbCommand (106ms) [Parameters=[@lowerName='?'], CommandType='Text', CommandTimeout='30']
      SELECT u."Id", u."AccountStatus", u."CreatedAtUtc", u."DepartmentName", u."Email", u."FirstName", u."FullName", u."LastLoginAtUtc", u."LastName", u."PasswordHash", u."Role", u."UserName"
      FROM users AS u
      WHERE lower(u."UserName") = @lowerName
      LIMIT 1
info: Microsoft.EntityFrameworkCore.Database.Command[20101]
      Executed DbCommand (105ms) [Parameters=[@p11='?' (DbType = Int64), @p0='?', @p1='?' (DbType = Date), @p2='?', @p3='?', @p4='?', @p5='?', @p6='?' (DbType = Date), @p7='?', @p8='?', @p9='?', @p10='?'], CommandType='Text', CommandTimeout='30']
      UPDATE users SET "AccountStatus" = @p0, "CreatedAtUtc" = @p1, "DepartmentName" = @p2, "Email" = @p3, "FirstName" = @p4, "FullName" = @p5, "LastLoginAtUtc" = @p6, "LastName" = @p7, "PasswordHash" = @p8, "Role" = @p9, "UserName" = @p10
      WHERE "Id" = @p11;
info: Microsoft.EntityFrameworkCore.Database.Command[20101]
      Executed DbCommand (105ms) [Parameters=[@lowerName='?'], CommandType='Text', CommandTimeout='30']
      SELECT u."Id", u."AccountStatus", u."CreatedAtUtc", u."DepartmentName", u."Email", u."FirstName", u."FullName", u."LastLoginAtUtc", u."LastName", u."PasswordHash", u."Role", u."UserName"
      FROM users AS u
      WHERE lower(u."UserName") = @lowerName
      LIMIT 1
info: Microsoft.EntityFrameworkCore.Database.Command[20101]
      Executed DbCommand (104ms) [Parameters=[@p11='?' (DbType = Int64), @p0='?', @p1='?' (DbType = Date), @p2='?', @p3='?', @p4='?', @p5='?', @p6='?' (DbType = Date), @p7='?', @p8='?', @p9='?', @p10='?'], CommandType='Text', CommandTimeout='30']
      UPDATE users SET "AccountStatus" = @p0, "CreatedAtUtc" = @p1, "DepartmentName" = @p2, "Email" = @p3, "FirstName" = @p4, "FullName" = @p5, "LastLoginAtUtc" = @p6, "LastName" = @p7, "PasswordHash" = @p8, "Role" = @p9, "UserName" = @p10
      WHERE "Id" = @p11;
info: Microsoft.EntityFrameworkCore.Database.Command[20101]
      Executed DbCommand (107ms) [Parameters=[@lowerName='?'], CommandType='Text', CommandTimeout='30']
      SELECT u."Id", u."AccountStatus", u."CreatedAtUtc", u."DepartmentName", u."Email", u."FirstName", u."FullName", u."LastLoginAtUtc", u."LastName", u."PasswordHash", u."Role", u."UserName"
      FROM users AS u
      WHERE lower(u."UserName") = @lowerName
      LIMIT 1
info: Microsoft.EntityFrameworkCore.Database.Command[20101]
      Executed DbCommand (107ms) [Parameters=[@p11='?' (DbType = Int64), @p0='?', @p1='?' (DbType = Date), @p2='?', @p3='?', @p4='?', @p5='?', @p6='?' (DbType = Date), @p7='?', @p8='?', @p9='?', @p10='?'], CommandType='Text', CommandTimeout='30']
      UPDATE users SET "AccountStatus" = @p0, "CreatedAtUtc" = @p1, "DepartmentName" = @p2, "Email" = @p3, "FirstName" = @p4, "FullName" = @p5, "LastLoginAtUtc" = @p6, "LastName" = @p7, "PasswordHash" = @p8, "Role" = @p9, "UserName" = @p10
      WHERE "Id" = @p11;
info: Microsoft.EntityFrameworkCore.Database.Command[20101]
      Executed DbCommand (104ms) [Parameters=[@lowerName='?'], CommandType='Text', CommandTimeout='30']
      SELECT u."Id", u."AccountStatus", u."CreatedAtUtc", u."DepartmentName", u."Email", u."FirstName", u."FullName", u."LastLoginAtUtc", u."LastName", u."PasswordHash", u."Role", u."UserName"
      FROM users AS u
      WHERE lower(u."UserName") = @lowerName
      LIMIT 1
info: Microsoft.EntityFrameworkCore.Database.Command[20101]
      Executed DbCommand (103ms) [Parameters=[@p11='?' (DbType = Int64), @p0='?', @p1='?' (DbType = Date), @p2='?', @p3='?', @p4='?', @p5='?', @p6='?' (DbType = Date), @p7='?', @p8='?', @p9='?', @p10='?'], CommandType='Text', CommandTimeout='30']
      UPDATE users SET "AccountStatus" = @p0, "CreatedAtUtc" = @p1, "DepartmentName" = @p2, "Email" = @p3, "FirstName" = @p4, "FullName" = @p5, "LastLoginAtUtc" = @p6, "LastName" = @p7, "PasswordHash" = @p8, "Role" = @p9, "UserName" = @p10
      WHERE "Id" = @p11;
info: Microsoft.EntityFrameworkCore.Database.Command[20101]
      Executed DbCommand (104ms) [Parameters=[@lowerName='?'], CommandType='Text', CommandTimeout='30']
      SELECT u."Id", u."AccountStatus", u."CreatedAtUtc", u."DepartmentName", u."Email", u."FirstName", u."FullName", u."LastLoginAtUtc", u."LastName", u."PasswordHash", u."Role", u."UserName"
      FROM users AS u
      WHERE lower(u."UserName") = @lowerName
      LIMIT 1
info: Microsoft.EntityFrameworkCore.Database.Command[20101]
      Executed DbCommand (103ms) [Parameters=[@p11='?' (DbType = Int64), @p0='?', @p1='?' (DbType = Date), @p2='?', @p3='?', @p4='?', @p5='?', @p6='?' (DbType = Date), @p7='?', @p8='?', @p9='?', @p10='?'], CommandType='Text', CommandTimeout='30']
      UPDATE users SET "AccountStatus" = @p0, "CreatedAtUtc" = @p1, "DepartmentName" = @p2, "Email" = @p3, "FirstName" = @p4, "FullName" = @p5, "LastLoginAtUtc" = @p6, "LastName" = @p7, "PasswordHash" = @p8, "Role" = @p9, "UserName" = @p10
      WHERE "Id" = @p11;
info: Microsoft.EntityFrameworkCore.Database.Command[20101]
      Executed DbCommand (104ms) [Parameters=[@lowerName='?'], CommandType='Text', CommandTimeout='30']
      SELECT u."Id", u."AccountStatus", u."CreatedAtUtc", u."DepartmentName", u."Email", u."FirstName", u."FullName", u."LastLoginAtUtc", u."LastName", u."PasswordHash", u."Role", u."UserName"
      FROM users AS u
      WHERE lower(u."UserName") = @lowerName
      LIMIT 1
info: Microsoft.EntityFrameworkCore.Database.Command[20101]
      Executed DbCommand (104ms) [Parameters=[@p11='?' (DbType = Int64), @p0='?', @p1='?' (DbType = Date), @p2='?', @p3='?', @p4='?', @p5='?', @p6='?' (DbType = Date), @p7='?', @p8='?', @p9='?', @p10='?'], CommandType='Text', CommandTimeout='30']
      UPDATE users SET "AccountStatus" = @p0, "CreatedAtUtc" = @p1, "DepartmentName" = @p2, "Email" = @p3, "FirstName" = @p4, "FullName" = @p5, "LastLoginAtUtc" = @p6, "LastName" = @p7, "PasswordHash" = @p8, "Role" = @p9, "UserName" = @p10
      WHERE "Id" = @p11;
info: Microsoft.EntityFrameworkCore.Database.Command[20101]
      Executed DbCommand (103ms) [Parameters=[@lowerName='?'], CommandType='Text', CommandTimeout='30']
      SELECT u."Id", u."AccountStatus", u."CreatedAtUtc", u."DepartmentName", u."Email", u."FirstName", u."FullName", u."LastLoginAtUtc", u."LastName", u."PasswordHash", u."Role", u."UserName"
      FROM users AS u
      WHERE lower(u."UserName") = @lowerName
      LIMIT 1
info: Microsoft.EntityFrameworkCore.Database.Command[20101]
      Executed DbCommand (104ms) [Parameters=[@p11='?' (DbType = Int64), @p0='?', @p1='?' (DbType = Date), @p2='?', @p3='?', @p4='?', @p5='?', @p6='?' (DbType = Date), @p7='?', @p8='?', @p9='?', @p10='?'], CommandType='Text', CommandTimeout='30']
      UPDATE users SET "AccountStatus" = @p0, "CreatedAtUtc" = @p1, "DepartmentName" = @p2, "Email" = @p3, "FirstName" = @p4, "FullName" = @p5, "LastLoginAtUtc" = @p6, "LastName" = @p7, "PasswordHash" = @p8, "Role" = @p9, "UserName" = @p10
      WHERE "Id" = @p11;
info: Microsoft.EntityFrameworkCore.Database.Command[20101]
      Executed DbCommand (109ms) [Parameters=[@lowerName='?'], CommandType='Text', CommandTimeout='30']
      SELECT u."Id", u."AccountStatus", u."CreatedAtUtc", u."DepartmentName", u."Email", u."FirstName", u."FullName", u."LastLoginAtUtc", u."LastName", u."PasswordHash", u."Role", u."UserName"
      FROM users AS u
      WHERE lower(u."UserName") = @lowerName
      LIMIT 1
info: Microsoft.EntityFrameworkCore.Database.Command[20101]
      Executed DbCommand (105ms) [Parameters=[@p11='?' (DbType = Int64), @p0='?', @p1='?' (DbType = Date), @p2='?', @p3='?', @p4='?', @p5='?', @p6='?' (DbType = Date), @p7='?', @p8='?', @p9='?', @p10='?'], CommandType='Text', CommandTimeout='30']
      UPDATE users SET "AccountStatus" = @p0, "CreatedAtUtc" = @p1, "DepartmentName" = @p2, "Email" = @p3, "FirstName" = @p4, "FullName" = @p5, "LastLoginAtUtc" = @p6, "LastName" = @p7, "PasswordHash" = @p8, "Role" = @p9, "UserName" = @p10
      WHERE "Id" = @p11;
info: Microsoft.EntityFrameworkCore.Database.Command[20101]
      Executed DbCommand (105ms) [Parameters=[@lowerName='?'], CommandType='Text', CommandTimeout='30']
      SELECT u."Id", u."AccountStatus", u."CreatedAtUtc", u."DepartmentName", u."Email", u."FirstName", u."FullName", u."LastLoginAtUtc", u."LastName", u."PasswordHash", u."Role", u."UserName"
      FROM users AS u
      WHERE lower(u."UserName") = @lowerName
      LIMIT 1
info: Microsoft.EntityFrameworkCore.Database.Command[20101]
      Executed DbCommand (105ms) [Parameters=[@p11='?' (DbType = Int64), @p0='?', @p1='?' (DbType = Date), @p2='?', @p3='?', @p4='?', @p5='?', @p6='?' (DbType = Date), @p7='?', @p8='?', @p9='?', @p10='?'], CommandType='Text', CommandTimeout='30']
      UPDATE users SET "AccountStatus" = @p0, "CreatedAtUtc" = @p1, "DepartmentName" = @p2, "Email" = @p3, "FirstName" = @p4, "FullName" = @p5, "LastLoginAtUtc" = @p6, "LastName" = @p7, "PasswordHash" = @p8, "Role" = @p9, "UserName" = @p10
      WHERE "Id" = @p11;
info: Microsoft.EntityFrameworkCore.Database.Command[20101]
      Executed DbCommand (103ms) [Parameters=[@lowerName='?'], CommandType='Text', CommandTimeout='30']
      SELECT u."Id", u."AccountStatus", u."CreatedAtUtc", u."DepartmentName", u."Email", u."FirstName", u."FullName", u."LastLoginAtUtc", u."LastName", u."PasswordHash", u."Role", u."UserName"
      FROM users AS u
      WHERE lower(u."UserName") = @lowerName
      LIMIT 1
info: Microsoft.EntityFrameworkCore.Database.Command[20101]
      Executed DbCommand (104ms) [Parameters=[@p11='?' (DbType = Int64), @p0='?', @p1='?' (DbType = Date), @p2='?', @p3='?', @p4='?', @p5='?', @p6='?' (DbType = Date), @p7='?', @p8='?', @p9='?', @p10='?'], CommandType='Text', CommandTimeout='30']
      UPDATE users SET "AccountStatus" = @p0, "CreatedAtUtc" = @p1, "DepartmentName" = @p2, "Email" = @p3, "FirstName" = @p4, "FullName" = @p5, "LastLoginAtUtc" = @p6, "LastName" = @p7, "PasswordHash" = @p8, "Role" = @p9, "UserName" = @p10
      WHERE "Id" = @p11;
info: Microsoft.EntityFrameworkCore.Database.Command[20101]
      Executed DbCommand (109ms) [Parameters=[@lowerName='?'], CommandType='Text', CommandTimeout='30']
      SELECT u."Id", u."AccountStatus", u."CreatedAtUtc", u."DepartmentName", u."Email", u."FirstName", u."FullName", u."LastLoginAtUtc", u."LastName", u."PasswordHash", u."Role", u."UserName"
      FROM users AS u
      WHERE lower(u."UserName") = @lowerName
      LIMIT 1
info: Microsoft.EntityFrameworkCore.Database.Command[20101]
      Executed DbCommand (114ms) [Parameters=[@p11='?' (DbType = Int64), @p0='?', @p1='?' (DbType = Date), @p2='?', @p3='?', @p4='?', @p5='?', @p6='?' (DbType = Date), @p7='?', @p8='?', @p9='?', @p10='?'], CommandType='Text', CommandTimeout='30']
      UPDATE users SET "AccountStatus" = @p0, "CreatedAtUtc" = @p1, "DepartmentName" = @p2, "Email" = @p3, "FirstName" = @p4, "FullName" = @p5, "LastLoginAtUtc" = @p6, "LastName" = @p7, "PasswordHash" = @p8, "Role" = @p9, "UserName" = @p10
      WHERE "Id" = @p11;
info: Microsoft.EntityFrameworkCore.Database.Command[20101]
      Executed DbCommand (103ms) [Parameters=[@lowerName='?'], CommandType='Text', CommandTimeout='30']
      SELECT u."Id", u."AccountStatus", u."CreatedAtUtc", u."DepartmentName", u."Email", u."FirstName", u."FullName", u."LastLoginAtUtc", u."LastName", u."PasswordHash", u."Role", u."UserName"
      FROM users AS u
      WHERE lower(u."UserName") = @lowerName
      LIMIT 1
info: Microsoft.EntityFrameworkCore.Database.Command[20101]
      Executed DbCommand (104ms) [Parameters=[@p11='?' (DbType = Int64), @p0='?', @p1='?' (DbType = Date), @p2='?', @p3='?', @p4='?', @p5='?', @p6='?' (DbType = Date), @p7='?', @p8='?', @p9='?', @p10='?'], CommandType='Text', CommandTimeout='30']
      UPDATE users SET "AccountStatus" = @p0, "CreatedAtUtc" = @p1, "DepartmentName" = @p2, "Email" = @p3, "FirstName" = @p4, "FullName" = @p5, "LastLoginAtUtc" = @p6, "LastName" = @p7, "PasswordHash" = @p8, "Role" = @p9, "UserName" = @p10
      WHERE "Id" = @p11;
info: Microsoft.EntityFrameworkCore.Database.Command[20101]
      Executed DbCommand (103ms) [Parameters=[@lowerName='?'], CommandType='Text', CommandTimeout='30']
      SELECT u."Id", u."AccountStatus", u."CreatedAtUtc", u."DepartmentName", u."Email", u."FirstName", u."FullName", u."LastLoginAtUtc", u."LastName", u."PasswordHash", u."Role", u."UserName"
      FROM users AS u
      WHERE lower(u."UserName") = @lowerName
      LIMIT 1
info: Microsoft.EntityFrameworkCore.Database.Command[20101]
      Executed DbCommand (107ms) [Parameters=[@p11='?' (DbType = Int64), @p0='?', @p1='?' (DbType = Date), @p2='?', @p3='?', @p4='?', @p5='?', @p6='?' (DbType = Date), @p7='?', @p8='?', @p9='?', @p10='?'], CommandType='Text', CommandTimeout='30']
      UPDATE users SET "AccountStatus" = @p0, "CreatedAtUtc" = @p1, "DepartmentName" = @p2, "Email" = @p3, "FirstName" = @p4, "FullName" = @p5, "LastLoginAtUtc" = @p6, "LastName" = @p7, "PasswordHash" = @p8, "Role" = @p9, "UserName" = @p10
      WHERE "Id" = @p11;
info: Microsoft.EntityFrameworkCore.Database.Command[20101]
      Executed DbCommand (103ms) [Parameters=[@lowerName='?'], CommandType='Text', CommandTimeout='30']
      SELECT u."Id", u."AccountStatus", u."CreatedAtUtc", u."DepartmentName", u."Email", u."FirstName", u."FullName", u."LastLoginAtUtc", u."LastName", u."PasswordHash", u."Role", u."UserName"
      FROM users AS u
      WHERE lower(u."UserName") = @lowerName
      LIMIT 1
info: Microsoft.EntityFrameworkCore.Database.Command[20101]
      Executed DbCommand (104ms) [Parameters=[@p11='?' (DbType = Int64), @p0='?', @p1='?' (DbType = Date), @p2='?', @p3='?', @p4='?', @p5='?', @p6='?' (DbType = Date), @p7='?', @p8='?', @p9='?', @p10='?'], CommandType='Text', CommandTimeout='30']
      UPDATE users SET "AccountStatus" = @p0, "CreatedAtUtc" = @p1, "DepartmentName" = @p2, "Email" = @p3, "FirstName" = @p4, "FullName" = @p5, "LastLoginAtUtc" = @p6, "LastName" = @p7, "PasswordHash" = @p8, "Role" = @p9, "UserName" = @p10
      WHERE "Id" = @p11;
info: Microsoft.EntityFrameworkCore.Database.Command[20101]
      Executed DbCommand (104ms) [Parameters=[@lowerName='?'], CommandType='Text', CommandTimeout='30']
      SELECT u."Id", u."AccountStatus", u."CreatedAtUtc", u."DepartmentName", u."Email", u."FirstName", u."FullName", u."LastLoginAtUtc", u."LastName", u."PasswordHash", u."Role", u."UserName"
      FROM users AS u
      WHERE lower(u."UserName") = @lowerName
      LIMIT 1
info: Microsoft.EntityFrameworkCore.Database.Command[20101]
      Executed DbCommand (104ms) [Parameters=[@p11='?' (DbType = Int64), @p0='?', @p1='?' (DbType = Date), @p2='?', @p3='?', @p4='?', @p5='?', @p6='?' (DbType = Date), @p7='?', @p8='?', @p9='?', @p10='?'], CommandType='Text', CommandTimeout='30']
      UPDATE users SET "AccountStatus" = @p0, "CreatedAtUtc" = @p1, "DepartmentName" = @p2, "Email" = @p3, "FirstName" = @p4, "FullName" = @p5, "LastLoginAtUtc" = @p6, "LastName" = @p7, "PasswordHash" = @p8, "Role" = @p9, "UserName" = @p10
      WHERE "Id" = @p11;
info: Microsoft.EntityFrameworkCore.Database.Command[20101]
      Executed DbCommand (103ms) [Parameters=[@lowerName='?'], CommandType='Text', CommandTimeout='30']
      SELECT u."Id", u."AccountStatus", u."CreatedAtUtc", u."DepartmentName", u."Email", u."FirstName", u."FullName", u."LastLoginAtUtc", u."LastName", u."PasswordHash", u."Role", u."UserName"
      FROM users AS u
      WHERE lower(u."UserName") = @lowerName
      LIMIT 1
info: Microsoft.EntityFrameworkCore.Database.Command[20101]
      Executed DbCommand (119ms) [Parameters=[@p11='?' (DbType = Int64), @p0='?', @p1='?' (DbType = Date), @p2='?', @p3='?', @p4='?', @p5='?', @p6='?' (DbType = Date), @p7='?', @p8='?', @p9='?', @p10='?'], CommandType='Text', CommandTimeout='30']
      UPDATE users SET "AccountStatus" = @p0, "CreatedAtUtc" = @p1, "DepartmentName" = @p2, "Email" = @p3, "FirstName" = @p4, "FullName" = @p5, "LastLoginAtUtc" = @p6, "LastName" = @p7, "PasswordHash" = @p8, "Role" = @p9, "UserName" = @p10
      WHERE "Id" = @p11;
info: Microsoft.EntityFrameworkCore.Database.Command[20101]
      Executed DbCommand (117ms) [Parameters=[@lowerName='?'], CommandType='Text', CommandTimeout='30']
      SELECT u."Id", u."AccountStatus", u."CreatedAtUtc", u."DepartmentName", u."Email", u."FirstName", u."FullName", u."LastLoginAtUtc", u."LastName", u."PasswordHash", u."Role", u."UserName"
      FROM users AS u
      WHERE lower(u."UserName") = @lowerName
      LIMIT 1
info: Microsoft.EntityFrameworkCore.Database.Command[20101]
      Executed DbCommand (104ms) [Parameters=[@p11='?' (DbType = Int64), @p0='?', @p1='?' (DbType = Date), @p2='?', @p3='?', @p4='?', @p5='?', @p6='?' (DbType = Date), @p7='?', @p8='?', @p9='?', @p10='?'], CommandType='Text', CommandTimeout='30']
      UPDATE users SET "AccountStatus" = @p0, "CreatedAtUtc" = @p1, "DepartmentName" = @p2, "Email" = @p3, "FirstName" = @p4, "FullName" = @p5, "LastLoginAtUtc" = @p6, "LastName" = @p7, "PasswordHash" = @p8, "Role" = @p9, "UserName" = @p10
      WHERE "Id" = @p11;
info: Microsoft.EntityFrameworkCore.Database.Command[20101]
      Executed DbCommand (114ms) [Parameters=[@lowerName='?'], CommandType='Text', CommandTimeout='30']
      SELECT u."Id", u."AccountStatus", u."CreatedAtUtc", u."DepartmentName", u."Email", u."FirstName", u."FullName", u."LastLoginAtUtc", u."LastName", u."PasswordHash", u."Role", u."UserName"
      FROM users AS u
      WHERE lower(u."UserName") = @lowerName
      LIMIT 1
info: Microsoft.EntityFrameworkCore.Database.Command[20101]
      Executed DbCommand (105ms) [Parameters=[@p11='?' (DbType = Int64), @p0='?', @p1='?' (DbType = Date), @p2='?', @p3='?', @p4='?', @p5='?', @p6='?' (DbType = Date), @p7='?', @p8='?', @p9='?', @p10='?'], CommandType='Text', CommandTimeout='30']
      UPDATE users SET "AccountStatus" = @p0, "CreatedAtUtc" = @p1, "DepartmentName" = @p2, "Email" = @p3, "FirstName" = @p4, "FullName" = @p5, "LastLoginAtUtc" = @p6, "LastName" = @p7, "PasswordHash" = @p8, "Role" = @p9, "UserName" = @p10
      WHERE "Id" = @p11;
info: Microsoft.EntityFrameworkCore.Database.Command[20101]
      Executed DbCommand (103ms) [Parameters=[@lowerName='?'], CommandType='Text', CommandTimeout='30']
      SELECT u."Id", u."AccountStatus", u."CreatedAtUtc", u."DepartmentName", u."Email", u."FirstName", u."FullName", u."LastLoginAtUtc", u."LastName", u."PasswordHash", u."Role", u."UserName"
      FROM users AS u
      WHERE lower(u."UserName") = @lowerName
      LIMIT 1
info: Microsoft.EntityFrameworkCore.Database.Command[20101]
      Executed DbCommand (105ms) [Parameters=[@p11='?' (DbType = Int64), @p0='?', @p1='?' (DbType = Date), @p2='?', @p3='?', @p4='?', @p5='?', @p6='?' (DbType = Date), @p7='?', @p8='?', @p9='?', @p10='?'], CommandType='Text', CommandTimeout='30']
      UPDATE users SET "AccountStatus" = @p0, "CreatedAtUtc" = @p1, "DepartmentName" = @p2, "Email" = @p3, "FirstName" = @p4, "FullName" = @p5, "LastLoginAtUtc" = @p6, "LastName" = @p7, "PasswordHash" = @p8, "Role" = @p9, "UserName" = @p10
      WHERE "Id" = @p11;
info: Microsoft.EntityFrameworkCore.Database.Command[20101]
      Executed DbCommand (102ms) [Parameters=[@lowerName='?'], CommandType='Text', CommandTimeout='30']
      SELECT u."Id", u."AccountStatus", u."CreatedAtUtc", u."DepartmentName", u."Email", u."FirstName", u."FullName", u."LastLoginAtUtc", u."LastName", u."PasswordHash", u."Role", u."UserName"
      FROM users AS u
      WHERE lower(u."UserName") = @lowerName
      LIMIT 1
info: Microsoft.EntityFrameworkCore.Database.Command[20101]
      Executed DbCommand (105ms) [Parameters=[@p11='?' (DbType = Int64), @p0='?', @p1='?' (DbType = Date), @p2='?', @p3='?', @p4='?', @p5='?', @p6='?' (DbType = Date), @p7='?', @p8='?', @p9='?', @p10='?'], CommandType='Text', CommandTimeout='30']
      UPDATE users SET "AccountStatus" = @p0, "CreatedAtUtc" = @p1, "DepartmentName" = @p2, "Email" = @p3, "FirstName" = @p4, "FullName" = @p5, "LastLoginAtUtc" = @p6, "LastName" = @p7, "PasswordHash" = @p8, "Role" = @p9, "UserName" = @p10
      WHERE "Id" = @p11;
info: Microsoft.EntityFrameworkCore.Database.Command[20101]
      Executed DbCommand (102ms) [Parameters=[@lowerName='?'], CommandType='Text', CommandTimeout='30']
      SELECT u."Id", u."AccountStatus", u."CreatedAtUtc", u."DepartmentName", u."Email", u."FirstName", u."FullName", u."LastLoginAtUtc", u."LastName", u."PasswordHash", u."Role", u."UserName"
      FROM users AS u
      WHERE lower(u."UserName") = @lowerName
      LIMIT 1
info: Microsoft.EntityFrameworkCore.Database.Command[20101]
      Executed DbCommand (106ms) [Parameters=[@p11='?' (DbType = Int64), @p0='?', @p1='?' (DbType = Date), @p2='?', @p3='?', @p4='?', @p5='?', @p6='?' (DbType = Date), @p7='?', @p8='?', @p9='?', @p10='?'], CommandType='Text', CommandTimeout='30']
      UPDATE users SET "AccountStatus" = @p0, "CreatedAtUtc" = @p1, "DepartmentName" = @p2, "Email" = @p3, "FirstName" = @p4, "FullName" = @p5, "LastLoginAtUtc" = @p6, "LastName" = @p7, "PasswordHash" = @p8, "Role" = @p9, "UserName" = @p10
      WHERE "Id" = @p11;
info: Microsoft.EntityFrameworkCore.Database.Command[20101]
      Executed DbCommand (110ms) [Parameters=[@lowerName='?'], CommandType='Text', CommandTimeout='30']
      SELECT u."Id", u."AccountStatus", u."CreatedAtUtc", u."DepartmentName", u."Email", u."FirstName", u."FullName", u."LastLoginAtUtc", u."LastName", u."PasswordHash", u."Role", u."UserName"
      FROM users AS u
      WHERE lower(u."UserName") = @lowerName
      LIMIT 1
info: Microsoft.EntityFrameworkCore.Database.Command[20101]
      Executed DbCommand (107ms) [Parameters=[@p11='?' (DbType = Int64), @p0='?', @p1='?' (DbType = Date), @p2='?', @p3='?', @p4='?', @p5='?', @p6='?' (DbType = Date), @p7='?', @p8='?', @p9='?', @p10='?'], CommandType='Text', CommandTimeout='30']
      UPDATE users SET "AccountStatus" = @p0, "CreatedAtUtc" = @p1, "DepartmentName" = @p2, "Email" = @p3, "FirstName" = @p4, "FullName" = @p5, "LastLoginAtUtc" = @p6, "LastName" = @p7, "PasswordHash" = @p8, "Role" = @p9, "UserName" = @p10
      WHERE "Id" = @p11;
info: Microsoft.EntityFrameworkCore.Database.Command[20101]
      Executed DbCommand (103ms) [Parameters=[@lowerName='?'], CommandType='Text', CommandTimeout='30']
      SELECT u."Id", u."AccountStatus", u."CreatedAtUtc", u."DepartmentName", u."Email", u."FirstName", u."FullName", u."LastLoginAtUtc", u."LastName", u."PasswordHash", u."Role", u."UserName"
      FROM users AS u
      WHERE lower(u."UserName") = @lowerName
      LIMIT 1
info: Microsoft.EntityFrameworkCore.Database.Command[20101]
      Executed DbCommand (103ms) [Parameters=[@p11='?' (DbType = Int64), @p0='?', @p1='?' (DbType = Date), @p2='?', @p3='?', @p4='?', @p5='?', @p6='?' (DbType = Date), @p7='?', @p8='?', @p9='?', @p10='?'], CommandType='Text', CommandTimeout='30']
      UPDATE users SET "AccountStatus" = @p0, "CreatedAtUtc" = @p1, "DepartmentName" = @p2, "Email" = @p3, "FirstName" = @p4, "FullName" = @p5, "LastLoginAtUtc" = @p6, "LastName" = @p7, "PasswordHash" = @p8, "Role" = @p9, "UserName" = @p10
      WHERE "Id" = @p11;
info: Microsoft.EntityFrameworkCore.Database.Command[20101]
      Executed DbCommand (103ms) [Parameters=[@lowerName='?'], CommandType='Text', CommandTimeout='30']
      SELECT u."Id", u."AccountStatus", u."CreatedAtUtc", u."DepartmentName", u."Email", u."FirstName", u."FullName", u."LastLoginAtUtc", u."LastName", u."PasswordHash", u."Role", u."UserName"
      FROM users AS u
      WHERE lower(u."UserName") = @lowerName
      LIMIT 1
info: Microsoft.EntityFrameworkCore.Database.Command[20101]
      Executed DbCommand (103ms) [Parameters=[@p11='?' (DbType = Int64), @p0='?', @p1='?' (DbType = Date), @p2='?', @p3='?', @p4='?', @p5='?', @p6='?' (DbType = Date), @p7='?', @p8='?', @p9='?', @p10='?'], CommandType='Text', CommandTimeout='30']
      UPDATE users SET "AccountStatus" = @p0, "CreatedAtUtc" = @p1, "DepartmentName" = @p2, "Email" = @p3, "FirstName" = @p4, "FullName" = @p5, "LastLoginAtUtc" = @p6, "LastName" = @p7, "PasswordHash" = @p8, "Role" = @p9, "UserName" = @p10
      WHERE "Id" = @p11;
info: Microsoft.EntityFrameworkCore.Database.Command[20101]
      Executed DbCommand (103ms) [Parameters=[@lowerName='?'], CommandType='Text', CommandTimeout='30']
      SELECT u."Id", u."AccountStatus", u."CreatedAtUtc", u."DepartmentName", u."Email", u."FirstName", u."FullName", u."LastLoginAtUtc", u."LastName", u."PasswordHash", u."Role", u."UserName"
      FROM users AS u
      WHERE lower(u."UserName") = @lowerName
      LIMIT 1
info: Microsoft.EntityFrameworkCore.Database.Command[20101]
      Executed DbCommand (103ms) [Parameters=[@p11='?' (DbType = Int64), @p0='?', @p1='?' (DbType = Date), @p2='?', @p3='?', @p4='?', @p5='?', @p6='?' (DbType = Date), @p7='?', @p8='?', @p9='?', @p10='?'], CommandType='Text', CommandTimeout='30']
      UPDATE users SET "AccountStatus" = @p0, "CreatedAtUtc" = @p1, "DepartmentName" = @p2, "Email" = @p3, "FirstName" = @p4, "FullName" = @p5, "LastLoginAtUtc" = @p6, "LastName" = @p7, "PasswordHash" = @p8, "Role" = @p9, "UserName" = @p10
      WHERE "Id" = @p11;
info: Microsoft.EntityFrameworkCore.Database.Command[20101]
      Executed DbCommand (102ms) [Parameters=[@lowerName='?'], CommandType='Text', CommandTimeout='30']
      SELECT u."Id", u."AccountStatus", u."CreatedAtUtc", u."DepartmentName", u."Email", u."FirstName", u."FullName", u."LastLoginAtUtc", u."LastName", u."PasswordHash", u."Role", u."UserName"
      FROM users AS u
      WHERE lower(u."UserName") = @lowerName
      LIMIT 1
info: Microsoft.EntityFrameworkCore.Database.Command[20101]
      Executed DbCommand (103ms) [Parameters=[@p11='?' (DbType = Int64), @p0='?', @p1='?' (DbType = Date), @p2='?', @p3='?', @p4='?', @p5='?', @p6='?' (DbType = Date), @p7='?', @p8='?', @p9='?', @p10='?'], CommandType='Text', CommandTimeout='30']
      UPDATE users SET "AccountStatus" = @p0, "CreatedAtUtc" = @p1, "DepartmentName" = @p2, "Email" = @p3, "FirstName" = @p4, "FullName" = @p5, "LastLoginAtUtc" = @p6, "LastName" = @p7, "PasswordHash" = @p8, "Role" = @p9, "UserName" = @p10
      WHERE "Id" = @p11;
info: Microsoft.EntityFrameworkCore.Database.Command[20101]
      Executed DbCommand (103ms) [Parameters=[@lowerName='?'], CommandType='Text', CommandTimeout='30']
      SELECT u."Id", u."AccountStatus", u."CreatedAtUtc", u."DepartmentName", u."Email", u."FirstName", u."FullName", u."LastLoginAtUtc", u."LastName", u."PasswordHash", u."Role", u."UserName"
      FROM users AS u
      WHERE lower(u."UserName") = @lowerName
      LIMIT 1
info: Microsoft.EntityFrameworkCore.Database.Command[20101]
      Executed DbCommand (103ms) [Parameters=[@p11='?' (DbType = Int64), @p0='?', @p1='?' (DbType = Date), @p2='?', @p3='?', @p4='?', @p5='?', @p6='?' (DbType = Date), @p7='?', @p8='?', @p9='?', @p10='?'], CommandType='Text', CommandTimeout='30']
      UPDATE users SET "AccountStatus" = @p0, "CreatedAtUtc" = @p1, "DepartmentName" = @p2, "Email" = @p3, "FirstName" = @p4, "FullName" = @p5, "LastLoginAtUtc" = @p6, "LastName" = @p7, "PasswordHash" = @p8, "Role" = @p9, "UserName" = @p10
      WHERE "Id" = @p11;
info: Microsoft.EntityFrameworkCore.Database.Command[20101]
      Executed DbCommand (103ms) [Parameters=[@lowerName='?'], CommandType='Text', CommandTimeout='30']
      SELECT u."Id", u."AccountStatus", u."CreatedAtUtc", u."DepartmentName", u."Email", u."FirstName", u."FullName", u."LastLoginAtUtc", u."LastName", u."PasswordHash", u."Role", u."UserName"
      FROM users AS u
      WHERE lower(u."UserName") = @lowerName
      LIMIT 1
info: Microsoft.EntityFrameworkCore.Database.Command[20101]
      Executed DbCommand (103ms) [Parameters=[@p11='?' (DbType = Int64), @p0='?', @p1='?' (DbType = Date), @p2='?', @p3='?', @p4='?', @p5='?', @p6='?' (DbType = Date), @p7='?', @p8='?', @p9='?', @p10='?'], CommandType='Text', CommandTimeout='30']
      UPDATE users SET "AccountStatus" = @p0, "CreatedAtUtc" = @p1, "DepartmentName" = @p2, "Email" = @p3, "FirstName" = @p4, "FullName" = @p5, "LastLoginAtUtc" = @p6, "LastName" = @p7, "PasswordHash" = @p8, "Role" = @p9, "UserName" = @p10
      WHERE "Id" = @p11;
info: Microsoft.EntityFrameworkCore.Database.Command[20101]
      Executed DbCommand (104ms) [Parameters=[@lowerName='?'], CommandType='Text', CommandTimeout='30']
      SELECT u."Id", u."AccountStatus", u."CreatedAtUtc", u."DepartmentName", u."Email", u."FirstName", u."FullName", u."LastLoginAtUtc", u."LastName", u."PasswordHash", u."Role", u."UserName"
      FROM users AS u
      WHERE lower(u."UserName") = @lowerName
      LIMIT 1
info: Microsoft.EntityFrameworkCore.Database.Command[20101]
      Executed DbCommand (107ms) [Parameters=[@p11='?' (DbType = Int64), @p0='?', @p1='?' (DbType = Date), @p2='?', @p3='?', @p4='?', @p5='?', @p6='?' (DbType = Date), @p7='?', @p8='?', @p9='?', @p10='?'], CommandType='Text', CommandTimeout='30']
      UPDATE users SET "AccountStatus" = @p0, "CreatedAtUtc" = @p1, "DepartmentName" = @p2, "Email" = @p3, "FirstName" = @p4, "FullName" = @p5, "LastLoginAtUtc" = @p6, "LastName" = @p7, "PasswordHash" = @p8, "Role" = @p9, "UserName" = @p10
      WHERE "Id" = @p11;
info: Microsoft.EntityFrameworkCore.Database.Command[20101]
      Executed DbCommand (103ms) [Parameters=[@lowerName='?'], CommandType='Text', CommandTimeout='30']
      SELECT u."Id", u."AccountStatus", u."CreatedAtUtc", u."DepartmentName", u."Email", u."FirstName", u."FullName", u."LastLoginAtUtc", u."LastName", u."PasswordHash", u."Role", u."UserName"
      FROM users AS u
      WHERE lower(u."UserName") = @lowerName
      LIMIT 1
info: Microsoft.EntityFrameworkCore.Database.Command[20101]
      Executed DbCommand (108ms) [Parameters=[@p11='?' (DbType = Int64), @p0='?', @p1='?' (DbType = Date), @p2='?', @p3='?', @p4='?', @p5='?', @p6='?' (DbType = Date), @p7='?', @p8='?', @p9='?', @p10='?'], CommandType='Text', CommandTimeout='30']
      UPDATE users SET "AccountStatus" = @p0, "CreatedAtUtc" = @p1, "DepartmentName" = @p2, "Email" = @p3, "FirstName" = @p4, "FullName" = @p5, "LastLoginAtUtc" = @p6, "LastName" = @p7, "PasswordHash" = @p8, "Role" = @p9, "UserName" = @p10
      WHERE "Id" = @p11;
info: Microsoft.EntityFrameworkCore.Database.Command[20101]
      Executed DbCommand (103ms) [Parameters=[@lowerName='?'], CommandType='Text', CommandTimeout='30']
      SELECT u."Id", u."AccountStatus", u."CreatedAtUtc", u."DepartmentName", u."Email", u."FirstName", u."FullName", u."LastLoginAtUtc", u."LastName", u."PasswordHash", u."Role", u."UserName"
      FROM users AS u
      WHERE lower(u."UserName") = @lowerName
      LIMIT 1
info: Microsoft.EntityFrameworkCore.Database.Command[20101]
      Executed DbCommand (104ms) [Parameters=[@p11='?' (DbType = Int64), @p0='?', @p1='?' (DbType = Date), @p2='?', @p3='?', @p4='?', @p5='?', @p6='?' (DbType = Date), @p7='?', @p8='?', @p9='?', @p10='?'], CommandType='Text', CommandTimeout='30']
      UPDATE users SET "AccountStatus" = @p0, "CreatedAtUtc" = @p1, "DepartmentName" = @p2, "Email" = @p3, "FirstName" = @p4, "FullName" = @p5, "LastLoginAtUtc" = @p6, "LastName" = @p7, "PasswordHash" = @p8, "Role" = @p9, "UserName" = @p10
      WHERE "Id" = @p11;
info: Microsoft.EntityFrameworkCore.Database.Command[20101]
      Executed DbCommand (102ms) [Parameters=[@lowerName='?'], CommandType='Text', CommandTimeout='30']
      SELECT u."Id", u."AccountStatus", u."CreatedAtUtc", u."DepartmentName", u."Email", u."FirstName", u."FullName", u."LastLoginAtUtc", u."LastName", u."PasswordHash", u."Role", u."UserName"
      FROM users AS u
      WHERE lower(u."UserName") = @lowerName
      LIMIT 1
info: Microsoft.EntityFrameworkCore.Database.Command[20101]
      Executed DbCommand (103ms) [Parameters=[@p11='?' (DbType = Int64), @p0='?', @p1='?' (DbType = Date), @p2='?', @p3='?', @p4='?', @p5='?', @p6='?' (DbType = Date), @p7='?', @p8='?', @p9='?', @p10='?'], CommandType='Text', CommandTimeout='30']
      UPDATE users SET "AccountStatus" = @p0, "CreatedAtUtc" = @p1, "DepartmentName" = @p2, "Email" = @p3, "FirstName" = @p4, "FullName" = @p5, "LastLoginAtUtc" = @p6, "LastName" = @p7, "PasswordHash" = @p8, "Role" = @p9, "UserName" = @p10
      WHERE "Id" = @p11;
info: Microsoft.EntityFrameworkCore.Database.Command[20101]
      Executed DbCommand (105ms) [Parameters=[@lowerName='?'], CommandType='Text', CommandTimeout='30']
      SELECT u."Id", u."AccountStatus", u."CreatedAtUtc", u."DepartmentName", u."Email", u."FirstName", u."FullName", u."LastLoginAtUtc", u."LastName", u."PasswordHash", u."Role", u."UserName"
      FROM users AS u
      WHERE lower(u."UserName") = @lowerName
      LIMIT 1
info: Microsoft.EntityFrameworkCore.Database.Command[20101]
      Executed DbCommand (103ms) [Parameters=[@p11='?' (DbType = Int64), @p0='?', @p1='?' (DbType = Date), @p2='?', @p3='?', @p4='?', @p5='?', @p6='?' (DbType = Date), @p7='?', @p8='?', @p9='?', @p10='?'], CommandType='Text', CommandTimeout='30']
      UPDATE users SET "AccountStatus" = @p0, "CreatedAtUtc" = @p1, "DepartmentName" = @p2, "Email" = @p3, "FirstName" = @p4, "FullName" = @p5, "LastLoginAtUtc" = @p6, "LastName" = @p7, "PasswordHash" = @p8, "Role" = @p9, "UserName" = @p10
      WHERE "Id" = @p11;
info: Microsoft.EntityFrameworkCore.Database.Command[20101]
      Executed DbCommand (105ms) [Parameters=[@lowerName='?'], CommandType='Text', CommandTimeout='30']
      SELECT u."Id", u."AccountStatus", u."CreatedAtUtc", u."DepartmentName", u."Email", u."FirstName", u."FullName", u."LastLoginAtUtc", u."LastName", u."PasswordHash", u."Role", u."UserName"
      FROM users AS u
      WHERE lower(u."UserName") = @lowerName
      LIMIT 1
info: Microsoft.EntityFrameworkCore.Database.Command[20101]
      Executed DbCommand (103ms) [Parameters=[@p11='?' (DbType = Int64), @p0='?', @p1='?' (DbType = Date), @p2='?', @p3='?', @p4='?', @p5='?', @p6='?' (DbType = Date), @p7='?', @p8='?', @p9='?', @p10='?'], CommandType='Text', CommandTimeout='30']
      UPDATE users SET "AccountStatus" = @p0, "CreatedAtUtc" = @p1, "DepartmentName" = @p2, "Email" = @p3, "FirstName" = @p4, "FullName" = @p5, "LastLoginAtUtc" = @p6, "LastName" = @p7, "PasswordHash" = @p8, "Role" = @p9, "UserName" = @p10
      WHERE "Id" = @p11;
info: Microsoft.EntityFrameworkCore.Database.Command[20101]
      Executed DbCommand (105ms) [Parameters=[@lowerName='?'], CommandType='Text', CommandTimeout='30']
      SELECT u."Id", u."AccountStatus", u."CreatedAtUtc", u."DepartmentName", u."Email", u."FirstName", u."FullName", u."LastLoginAtUtc", u."LastName", u."PasswordHash", u."Role", u."UserName"
      FROM users AS u
      WHERE lower(u."UserName") = @lowerName
      LIMIT 1
info: Microsoft.EntityFrameworkCore.Database.Command[20101]
      Executed DbCommand (104ms) [Parameters=[@p11='?' (DbType = Int64), @p0='?', @p1='?' (DbType = Date), @p2='?', @p3='?', @p4='?', @p5='?', @p6='?' (DbType = Date), @p7='?', @p8='?', @p9='?', @p10='?'], CommandType='Text', CommandTimeout='30']
      UPDATE users SET "AccountStatus" = @p0, "CreatedAtUtc" = @p1, "DepartmentName" = @p2, "Email" = @p3, "FirstName" = @p4, "FullName" = @p5, "LastLoginAtUtc" = @p6, "LastName" = @p7, "PasswordHash" = @p8, "Role" = @p9, "UserName" = @p10
      WHERE "Id" = @p11;
info: Microsoft.EntityFrameworkCore.Database.Command[20101]
      Executed DbCommand (106ms) [Parameters=[@lowerName='?'], CommandType='Text', CommandTimeout='30']
      SELECT u."Id", u."AccountStatus", u."CreatedAtUtc", u."DepartmentName", u."Email", u."FirstName", u."FullName", u."LastLoginAtUtc", u."LastName", u."PasswordHash", u."Role", u."UserName"
      FROM users AS u
      WHERE lower(u."UserName") = @lowerName
      LIMIT 1
info: Microsoft.EntityFrameworkCore.Database.Command[20101]
      Executed DbCommand (102ms) [Parameters=[@p11='?' (DbType = Int64), @p0='?', @p1='?' (DbType = Date), @p2='?', @p3='?', @p4='?', @p5='?', @p6='?' (DbType = Date), @p7='?', @p8='?', @p9='?', @p10='?'], CommandType='Text', CommandTimeout='30']
      UPDATE users SET "AccountStatus" = @p0, "CreatedAtUtc" = @p1, "DepartmentName" = @p2, "Email" = @p3, "FirstName" = @p4, "FullName" = @p5, "LastLoginAtUtc" = @p6, "LastName" = @p7, "PasswordHash" = @p8, "Role" = @p9, "UserName" = @p10
      WHERE "Id" = @p11;
info: Microsoft.EntityFrameworkCore.Database.Command[20101]
      Executed DbCommand (106ms) [Parameters=[@lowerName='?'], CommandType='Text', CommandTimeout='30']
      SELECT u."Id", u."AccountStatus", u."CreatedAtUtc", u."DepartmentName", u."Email", u."FirstName", u."FullName", u."LastLoginAtUtc", u."LastName", u."PasswordHash", u."Role", u."UserName"
      FROM users AS u
      WHERE lower(u."UserName") = @lowerName
      LIMIT 1
info: Microsoft.EntityFrameworkCore.Database.Command[20101]
      Executed DbCommand (103ms) [Parameters=[@p11='?' (DbType = Int64), @p0='?', @p1='?' (DbType = Date), @p2='?', @p3='?', @p4='?', @p5='?', @p6='?' (DbType = Date), @p7='?', @p8='?', @p9='?', @p10='?'], CommandType='Text', CommandTimeout='30']
      UPDATE users SET "AccountStatus" = @p0, "CreatedAtUtc" = @p1, "DepartmentName" = @p2, "Email" = @p3, "FirstName" = @p4, "FullName" = @p5, "LastLoginAtUtc" = @p6, "LastName" = @p7, "PasswordHash" = @p8, "Role" = @p9, "UserName" = @p10
      WHERE "Id" = @p11;
info: Microsoft.EntityFrameworkCore.Database.Command[20101]
      Executed DbCommand (105ms) [Parameters=[@lowerName='?'], CommandType='Text', CommandTimeout='30']
      SELECT u."Id", u."AccountStatus", u."CreatedAtUtc", u."DepartmentName", u."Email", u."FirstName", u."FullName", u."LastLoginAtUtc", u."LastName", u."PasswordHash", u."Role", u."UserName"
      FROM users AS u
      WHERE lower(u."UserName") = @lowerName
      LIMIT 1
info: Microsoft.EntityFrameworkCore.Database.Command[20101]
      Executed DbCommand (103ms) [Parameters=[@p11='?' (DbType = Int64), @p0='?', @p1='?' (DbType = Date), @p2='?', @p3='?', @p4='?', @p5='?', @p6='?' (DbType = Date), @p7='?', @p8='?', @p9='?', @p10='?'], CommandType='Text', CommandTimeout='30']
      UPDATE users SET "AccountStatus" = @p0, "CreatedAtUtc" = @p1, "DepartmentName" = @p2, "Email" = @p3, "FirstName" = @p4, "FullName" = @p5, "LastLoginAtUtc" = @p6, "LastName" = @p7, "PasswordHash" = @p8, "Role" = @p9, "UserName" = @p10
      WHERE "Id" = @p11;
info: Microsoft.EntityFrameworkCore.Database.Command[20101]
      Executed DbCommand (106ms) [Parameters=[@lowerName='?'], CommandType='Text', CommandTimeout='30']
      SELECT u."Id", u."AccountStatus", u."CreatedAtUtc", u."DepartmentName", u."Email", u."FirstName", u."FullName", u."LastLoginAtUtc", u."LastName", u."PasswordHash", u."Role", u."UserName"
      FROM users AS u
      WHERE lower(u."UserName") = @lowerName
      LIMIT 1
info: Microsoft.EntityFrameworkCore.Database.Command[20101]
      Executed DbCommand (104ms) [Parameters=[@p11='?' (DbType = Int64), @p0='?', @p1='?' (DbType = Date), @p2='?', @p3='?', @p4='?', @p5='?', @p6='?' (DbType = Date), @p7='?', @p8='?', @p9='?', @p10='?'], CommandType='Text', CommandTimeout='30']
      UPDATE users SET "AccountStatus" = @p0, "CreatedAtUtc" = @p1, "DepartmentName" = @p2, "Email" = @p3, "FirstName" = @p4, "FullName" = @p5, "LastLoginAtUtc" = @p6, "LastName" = @p7, "PasswordHash" = @p8, "Role" = @p9, "UserName" = @p10
      WHERE "Id" = @p11;
info: Microsoft.EntityFrameworkCore.Database.Command[20101]
      Executed DbCommand (233ms) [Parameters=[@lowerName='?'], CommandType='Text', CommandTimeout='30']
      SELECT u."Id", u."AccountStatus", u."CreatedAtUtc", u."DepartmentName", u."Email", u."FirstName", u."FullName", u."LastLoginAtUtc", u."LastName", u."PasswordHash", u."Role", u."UserName"
      FROM users AS u
      WHERE lower(u."UserName") = @lowerName
      LIMIT 1
info: Microsoft.EntityFrameworkCore.Database.Command[20101]
      Executed DbCommand (103ms) [Parameters=[@p11='?' (DbType = Int64), @p0='?', @p1='?' (DbType = Date), @p2='?', @p3='?', @p4='?', @p5='?', @p6='?' (DbType = Date), @p7='?', @p8='?', @p9='?', @p10='?'], CommandType='Text', CommandTimeout='30']
      UPDATE users SET "AccountStatus" = @p0, "CreatedAtUtc" = @p1, "DepartmentName" = @p2, "Email" = @p3, "FirstName" = @p4, "FullName" = @p5, "LastLoginAtUtc" = @p6, "LastName" = @p7, "PasswordHash" = @p8, "Role" = @p9, "UserName" = @p10
      WHERE "Id" = @p11;
info: Microsoft.EntityFrameworkCore.Database.Command[20101]
      Executed DbCommand (105ms) [Parameters=[@lowerName='?'], CommandType='Text', CommandTimeout='30']
      SELECT u."Id", u."AccountStatus", u."CreatedAtUtc", u."DepartmentName", u."Email", u."FirstName", u."FullName", u."LastLoginAtUtc", u."LastName", u."PasswordHash", u."Role", u."UserName"
      FROM users AS u
      WHERE lower(u."UserName") = @lowerName
      LIMIT 1
info: Microsoft.EntityFrameworkCore.Database.Command[20101]
      Executed DbCommand (107ms) [Parameters=[@p11='?' (DbType = Int64), @p0='?', @p1='?' (DbType = Date), @p2='?', @p3='?', @p4='?', @p5='?', @p6='?' (DbType = Date), @p7='?', @p8='?', @p9='?', @p10='?'], CommandType='Text', CommandTimeout='30']
      UPDATE users SET "AccountStatus" = @p0, "CreatedAtUtc" = @p1, "DepartmentName" = @p2, "Email" = @p3, "FirstName" = @p4, "FullName" = @p5, "LastLoginAtUtc" = @p6, "LastName" = @p7, "PasswordHash" = @p8, "Role" = @p9, "UserName" = @p10
      WHERE "Id" = @p11;
info: Microsoft.EntityFrameworkCore.Database.Command[20101]
      Executed DbCommand (106ms) [Parameters=[@lowerName='?'], CommandType='Text', CommandTimeout='30']
      SELECT u."Id", u."AccountStatus", u."CreatedAtUtc", u."DepartmentName", u."Email", u."FirstName", u."FullName", u."LastLoginAtUtc", u."LastName", u."PasswordHash", u."Role", u."UserName"
      FROM users AS u
      WHERE lower(u."UserName") = @lowerName
      LIMIT 1
info: Microsoft.EntityFrameworkCore.Database.Command[20101]
      Executed DbCommand (106ms) [Parameters=[@p11='?' (DbType = Int64), @p0='?', @p1='?' (DbType = Date), @p2='?', @p3='?', @p4='?', @p5='?', @p6='?' (DbType = Date), @p7='?', @p8='?', @p9='?', @p10='?'], CommandType='Text', CommandTimeout='30']
      UPDATE users SET "AccountStatus" = @p0, "CreatedAtUtc" = @p1, "DepartmentName" = @p2, "Email" = @p3, "FirstName" = @p4, "FullName" = @p5, "LastLoginAtUtc" = @p6, "LastName" = @p7, "PasswordHash" = @p8, "Role" = @p9, "UserName" = @p10
      WHERE "Id" = @p11;
info: Microsoft.EntityFrameworkCore.Database.Command[20101]
      Executed DbCommand (107ms) [Parameters=[@lowerName='?'], CommandType='Text', CommandTimeout='30']
      SELECT u."Id", u."AccountStatus", u."CreatedAtUtc", u."DepartmentName", u."Email", u."FirstName", u."FullName", u."LastLoginAtUtc", u."LastName", u."PasswordHash", u."Role", u."UserName"
      FROM users AS u
      WHERE lower(u."UserName") = @lowerName
      LIMIT 1
info: Microsoft.EntityFrameworkCore.Database.Command[20101]
      Executed DbCommand (103ms) [Parameters=[@p11='?' (DbType = Int64), @p0='?', @p1='?' (DbType = Date), @p2='?', @p3='?', @p4='?', @p5='?', @p6='?' (DbType = Date), @p7='?', @p8='?', @p9='?', @p10='?'], CommandType='Text', CommandTimeout='30']
      UPDATE users SET "AccountStatus" = @p0, "CreatedAtUtc" = @p1, "DepartmentName" = @p2, "Email" = @p3, "FirstName" = @p4, "FullName" = @p5, "LastLoginAtUtc" = @p6, "LastName" = @p7, "PasswordHash" = @p8, "Role" = @p9, "UserName" = @p10
      WHERE "Id" = @p11;
info: Microsoft.EntityFrameworkCore.Database.Command[20101]
      Executed DbCommand (106ms) [Parameters=[@lowerName='?'], CommandType='Text', CommandTimeout='30']
      SELECT u."Id", u."AccountStatus", u."CreatedAtUtc", u."DepartmentName", u."Email", u."FirstName", u."FullName", u."LastLoginAtUtc", u."LastName", u."PasswordHash", u."Role", u."UserName"
      FROM users AS u
      WHERE lower(u."UserName") = @lowerName
      LIMIT 1
info: Microsoft.EntityFrameworkCore.Database.Command[20101]
      Executed DbCommand (103ms) [Parameters=[@p11='?' (DbType = Int64), @p0='?', @p1='?' (DbType = Date), @p2='?', @p3='?', @p4='?', @p5='?', @p6='?' (DbType = Date), @p7='?', @p8='?', @p9='?', @p10='?'], CommandType='Text', CommandTimeout='30']
      UPDATE users SET "AccountStatus" = @p0, "CreatedAtUtc" = @p1, "DepartmentName" = @p2, "Email" = @p3, "FirstName" = @p4, "FullName" = @p5, "LastLoginAtUtc" = @p6, "LastName" = @p7, "PasswordHash" = @p8, "Role" = @p9, "UserName" = @p10
      WHERE "Id" = @p11;
info: Microsoft.EntityFrameworkCore.Database.Command[20101]
      Executed DbCommand (105ms) [Parameters=[@lowerName='?'], CommandType='Text', CommandTimeout='30']
      SELECT u."Id", u."AccountStatus", u."CreatedAtUtc", u."DepartmentName", u."Email", u."FirstName", u."FullName", u."LastLoginAtUtc", u."LastName", u."PasswordHash", u."Role", u."UserName"
      FROM users AS u
      WHERE lower(u."UserName") = @lowerName
      LIMIT 1
info: Microsoft.EntityFrameworkCore.Database.Command[20101]
      Executed DbCommand (103ms) [Parameters=[@p11='?' (DbType = Int64), @p0='?', @p1='?' (DbType = Date), @p2='?', @p3='?', @p4='?', @p5='?', @p6='?' (DbType = Date), @p7='?', @p8='?', @p9='?', @p10='?'], CommandType='Text', CommandTimeout='30']
      UPDATE users SET "AccountStatus" = @p0, "CreatedAtUtc" = @p1, "DepartmentName" = @p2, "Email" = @p3, "FirstName" = @p4, "FullName" = @p5, "LastLoginAtUtc" = @p6, "LastName" = @p7, "PasswordHash" = @p8, "Role" = @p9, "UserName" = @p10
      WHERE "Id" = @p11;
info: Microsoft.EntityFrameworkCore.Database.Command[20101]
      Executed DbCommand (107ms) [Parameters=[@lowerName='?'], CommandType='Text', CommandTimeout='30']
      SELECT u."Id", u."AccountStatus", u."CreatedAtUtc", u."DepartmentName", u."Email", u."FirstName", u."FullName", u."LastLoginAtUtc", u."LastName", u."PasswordHash", u."Role", u."UserName"
      FROM users AS u
      WHERE lower(u."UserName") = @lowerName
      LIMIT 1
info: Microsoft.EntityFrameworkCore.Database.Command[20101]
      Executed DbCommand (104ms) [Parameters=[@p11='?' (DbType = Int64), @p0='?', @p1='?' (DbType = Date), @p2='?', @p3='?', @p4='?', @p5='?', @p6='?' (DbType = Date), @p7='?', @p8='?', @p9='?', @p10='?'], CommandType='Text', CommandTimeout='30']
      UPDATE users SET "AccountStatus" = @p0, "CreatedAtUtc" = @p1, "DepartmentName" = @p2, "Email" = @p3, "FirstName" = @p4, "FullName" = @p5, "LastLoginAtUtc" = @p6, "LastName" = @p7, "PasswordHash" = @p8, "Role" = @p9, "UserName" = @p10
      WHERE "Id" = @p11;
info: Microsoft.EntityFrameworkCore.Database.Command[20101]
      Executed DbCommand (107ms) [Parameters=[@lowerName='?'], CommandType='Text', CommandTimeout='30']
      SELECT u."Id", u."AccountStatus", u."CreatedAtUtc", u."DepartmentName", u."Email", u."FirstName", u."FullName", u."LastLoginAtUtc", u."LastName", u."PasswordHash", u."Role", u."UserName"
      FROM users AS u
      WHERE lower(u."UserName") = @lowerName
      LIMIT 1
info: Microsoft.EntityFrameworkCore.Database.Command[20101]
      Executed DbCommand (561ms) [Parameters=[@p11='?' (DbType = Int64), @p0='?', @p1='?' (DbType = Date), @p2='?', @p3='?', @p4='?', @p5='?', @p6='?' (DbType = Date), @p7='?', @p8='?', @p9='?', @p10='?'], CommandType='Text', CommandTimeout='30']
      UPDATE users SET "AccountStatus" = @p0, "CreatedAtUtc" = @p1, "DepartmentName" = @p2, "Email" = @p3, "FirstName" = @p4, "FullName" = @p5, "LastLoginAtUtc" = @p6, "LastName" = @p7, "PasswordHash" = @p8, "Role" = @p9, "UserName" = @p10
      WHERE "Id" = @p11;
info: Microsoft.EntityFrameworkCore.Database.Command[20101]
      Executed DbCommand (105ms) [Parameters=[@lowerName='?'], CommandType='Text', CommandTimeout='30']
      SELECT u."Id", u."AccountStatus", u."CreatedAtUtc", u."DepartmentName", u."Email", u."FirstName", u."FullName", u."LastLoginAtUtc", u."LastName", u."PasswordHash", u."Role", u."UserName"
      FROM users AS u
      WHERE lower(u."UserName") = @lowerName
      LIMIT 1
info: Microsoft.EntityFrameworkCore.Database.Command[20101]
      Executed DbCommand (574ms) [Parameters=[@p11='?' (DbType = Int64), @p0='?', @p1='?' (DbType = Date), @p2='?', @p3='?', @p4='?', @p5='?', @p6='?' (DbType = Date), @p7='?', @p8='?', @p9='?', @p10='?'], CommandType='Text', CommandTimeout='30']
      UPDATE users SET "AccountStatus" = @p0, "CreatedAtUtc" = @p1, "DepartmentName" = @p2, "Email" = @p3, "FirstName" = @p4, "FullName" = @p5, "LastLoginAtUtc" = @p6, "LastName" = @p7, "PasswordHash" = @p8, "Role" = @p9, "UserName" = @p10
      WHERE "Id" = @p11;
info: Microsoft.EntityFrameworkCore.Database.Command[20101]
      Executed DbCommand (108ms) [Parameters=[@lowerEmail='?'], CommandType='Text', CommandTimeout='30']
      SELECT u."Id", u."AccountStatus", u."CreatedAtUtc", u."DepartmentName", u."Email", u."FirstName", u."FullName", u."LastLoginAtUtc", u."LastName", u."PasswordHash", u."Role", u."UserName"
      FROM users AS u
      WHERE lower(u."Email") = @lowerEmail
      LIMIT 1
info: Microsoft.EntityFrameworkCore.Database.Command[20101]
      Executed DbCommand (104ms) [Parameters=[@p0='?' (DbType = Int64)], CommandType='Text', CommandTimeout='30']
      DELETE FROM users
      WHERE "Id" = @p0;
info: Microsoft.EntityFrameworkCore.Database.Command[20101]
      Executed DbCommand (104ms) [Parameters=[@p='?' (DbType = Int64)], CommandType='Text', CommandTimeout='30']
      SELECT u."Id", u."AccountStatus", u."CreatedAtUtc", u."DepartmentName", u."Email", u."FirstName", u."FullName", u."LastLoginAtUtc", u."LastName", u."PasswordHash", u."Role", u."UserName"
      FROM users AS u
      WHERE u."Id" = @p
      LIMIT 1
info: Microsoft.EntityFrameworkCore.Database.Command[20101]
      Executed DbCommand (105ms) [Parameters=[@lowerName='?'], CommandType='Text', CommandTimeout='30']
      SELECT u."Id", u."AccountStatus", u."CreatedAtUtc", u."DepartmentName", u."Email", u."FirstName", u."FullName", u."LastLoginAtUtc", u."LastName", u."PasswordHash", u."Role", u."UserName"
      FROM users AS u
      WHERE lower(u."UserName") = @lowerName
      LIMIT 1
info: Microsoft.EntityFrameworkCore.Database.Command[20101]
      Executed DbCommand (119ms) [Parameters=[@p0='?' (DbType = Int64), @p1='?', @p2='?' (DbType = Date), @p3='?', @p4='?', @p5='?', @p6='?', @p7='?' (DbType = Date), @p8='?', @p9='?', @p10='?', @p11='?'], CommandType='Text', CommandTimeout='30']
      INSERT INTO users ("Id", "AccountStatus", "CreatedAtUtc", "DepartmentName", "Email", "FirstName", "FullName", "LastLoginAtUtc", "LastName", "PasswordHash", "Role", "UserName")
      VALUES (@p0, @p1, @p2, @p3, @p4, @p5, @p6, @p7, @p8, @p9, @p10, @p11);
info: Microsoft.EntityFrameworkCore.Database.Command[20101]
      Executed DbCommand (239ms) [Parameters=[], CommandType='Text', CommandTimeout='30']
      SELECT s."Id", s."AcademicYear", s."CourseCode", s."CourseTitle", s."CreatedAtUtc", s."CurrentFileName", s."CurrentStoragePath", s."CurrentVersionNumber", s."DepartmentName", s."InstructorId", s."IsPublished", s."LatestChangeSummary", s."OwnerUserId", s."ReviewedAtUtc", s."ReviewedByUserId", s."ReviewerRemarks", s."Semester", s."Status", s."SubmittedAtUtc", s."UpdatedAtUtc"
      FROM syllabi AS s
info: Microsoft.EntityFrameworkCore.Database.Command[20101]
      Executed DbCommand (214ms) [Parameters=[], CommandType='Text', CommandTimeout='30']
      SELECT u."Id", u."AccountStatus", u."CreatedAtUtc", u."DepartmentName", u."Email", u."FirstName", u."FullName", u."LastLoginAtUtc", u."LastName", u."PasswordHash", u."Role", u."UserName"
      FROM users AS u
info: Microsoft.EntityFrameworkCore.Database.Command[20101]
      Executed DbCommand (107ms) [Parameters=[], CommandType='Text', CommandTimeout='30']
      SELECT s."Id", s."AcademicYear", s."AssignedAtDate", s."AssignedBy", s."CourseCode", s."CourseTitle", s."CreatedAtUtc", s."DeletedAt", s."DepartmentName", s."IsActive", s."Semester", s."StudentFullName", s."StudentId", s."SyllabusDocId", s."UpdatedAtUtc"
      FROM syllabus_assignments AS s
info: Microsoft.Hosting.Lifetime[14]
      Now listening on: http://localhost:5311
info: Microsoft.Hosting.Lifetime[0]
      Application started. Press Ctrl+C to shut down.
info: Microsoft.Hosting.Lifetime[0]
      Hosting environment: Development
info: Microsoft.Hosting.Lifetime[0]
      Content root path: C:\Users\buddy\Downloads\SD3 FINALIZATIONIST\SRVS-FINAL\frontend\SRVS.Web

========================================
Web Application: http://localhost:5300
API Swagger UI:  http://localhost:5300/swagger
========================================

